{
  "version": "1.5.0",
  "plugins_used": [
    {
      "name": "ArtifactoryDetector"
    },
    {
      "name": "AWSKeyDetector"
    },
    {
      "name": "AzureStorageKeyDetector"
    },
    {
      "name": "Base64HighEntropyString",
      "limit": 4.5
    },
    {
      "name": "BasicAuthDetector"
    },
    {
      "name": "CloudantDetector"
    },
    {
      "name": "DiscordBotTokenDetector"
    },
    {
      "name": "GitHubTokenDetector"
    },
    {
      "name": "GitLabTokenDetector"
    },
    {
      "name": "HexHighEntropyString",
      "limit": 3.0
    },
    {
      "name": "IbmCloudIamDetector"
    },
    {
      "name": "IbmCosHmacDetector"
    },
    {
      "name": "IPPublicDetector"
    },
    {
      "name": "JwtTokenDetector"
    },
    {
      "name": "KeywordDetector",
      "keyword_exclude": ""
    },
    {
      "name": "MailchimpDetector"
    },
    {
      "name": "NpmDetector"
    },
    {
      "name": "OpenAIDetector"
    },
    {
      "name": "PrivateKeyDetector"
    },
    {
      "name": "PypiTokenDetector"
    },
    {
      "name": "SendGridDetector"
    },
    {
      "name": "SlackDetector"
    },
    {
      "name": "SoftlayerDetector"
    },
    {
      "name": "SquareOAuthDetector"
    },
    {
      "name": "StripeDetector"
    },
    {
      "name": "TelegramBotTokenDetector"
    },
    {
      "name": "TwilioKeyDetector"
    }
  ],
  "filters_used": [
    {
      "path": "detect_secrets.filters.allowlist.is_line_allowlisted"
    },
    {
      "path": "detect_secrets.filters.common.is_ignored_due_to_verification_policies",
      "min_level": 2
    },
    {
      "path": "detect_secrets.filters.heuristic.is_indirect_reference"
    },
    {
      "path": "detect_secrets.filters.heuristic.is_likely_id_string"
    },
    {
      "path": "detect_secrets.filters.heuristic.is_lock_file"
    },
    {
      "path": "detect_secrets.filters.heuristic.is_not_alphanumeric_string"
    },
    {
      "path": "detect_secrets.filters.heuristic.is_potential_uuid"
    },
    {
      "path": "detect_secrets.filters.heuristic.is_prefixed_with_dollar_sign"
    },
    {
      "path": "detect_secrets.filters.heuristic.is_sequential_string"
    },
    {
      "path": "detect_secrets.filters.heuristic.is_swagger_file"
    },
    {
      "path": "detect_secrets.filters.heuristic.is_templated_secret"
    }
  ],
  "results": {
    ".planning\\phases\\09-render-dashboard\\09-RESEARCH.md": [
      {
        "type": "Secret Keyword",
        "filename": ".planning\\phases\\09-render-dashboard\\09-RESEARCH.md",
        "hashed_secret": "789cbe0407840b1c2041cb33452ff60f19bf58cc",
        "is_verified": false,
        "line_number": 179
      }
    ],
    ".planning\\phases\\13-qc-api-client-and-safety-foundation\\13-04-PLAN.md": [
      {
        "type": "Hex High Entropy String",
        "filename": ".planning\\phases\\13-qc-api-client-and-safety-foundation\\13-04-PLAN.md",
        "hashed_secret": "b4c9248600a42f8c38c01b632f392dbcb4c7b19a",
        "is_verified": false,
        "line_number": 154
      }
    ],
    ".planning\\phases\\13-qc-api-client-and-safety-foundation\\13-CONTEXT.md": [
      {
        "type": "Secret Keyword",
        "filename": ".planning\\phases\\13-qc-api-client-and-safety-foundation\\13-CONTEXT.md",
        "hashed_secret": "16d0e371c5be2249a17c3f4d1305d35dc28b7ec5",
        "is_verified": false,
        "line_number": 43
      }
    ],
    ".planning\\phases\\13-qc-api-client-and-safety-foundation\\13-PATTERNS.md": [
      {
        "type": "Secret Keyword",
        "filename": ".planning\\phases\\13-qc-api-client-and-safety-foundation\\13-PATTERNS.md",
        "hashed_secret": "2989436d0b62a9cf0b1f1ff816db8145d149bc88",
        "is_verified": false,
        "line_number": 192
      }
    ],
    "config\\dashboard.yaml": [
      {
        "type": "Secret Keyword",
        "filename": "config\\dashboard.yaml",
        "hashed_secret": "db8e155c5313f453148fa30b62d069a1014b66bd",
        "is_verified": false,
        "line_number": 6
      }
    ],
    "dashboard\\config.py": [
      {
        "type": "Secret Keyword",
        "filename": "dashboard\\config.py",
        "hashed_secret": "db8e155c5313f453148fa30b62d069a1014b66bd",
        "is_verified": false,
        "line_number": 16
      }
    ],
    "lean\\config.json": [
      {
        "type": "Hex High Entropy String",
        "filename": "lean\\config.json",
        "hashed_secret": "7e40a261003a6e151871761e7313c206a1888926",
        "is_verified": false,
        "line_number": 6
      }
    ],
    "tests\\test_ci_workflows.py": [
      {
        "type": "Hex High Entropy String",
        "filename": "tests\\test_ci_workflows.py",
        "hashed_secret": "50401a62dd0d6ac6c7bac119f041e4dcc8da74fe",
        "is_verified": false,
        "line_number": 11
      },
      {
        "type": "Hex High Entropy String",
        "filename": "tests\\test_ci_workflows.py",
        "hashed_secret": "9f19e3c33ed119820e0a83bdee6c7a0d9c6a935b",
        "is_verified": false,
        "line_number": 12
      }
    ],
    "tests\\test_configuration.py": [
      {
        "type": "Secret Keyword",
        "filename": "tests\\test_configuration.py",
        "hashed_secret": "aa7f07775f8b066e1f596926aeab8ec72d9b4adc",
        "is_verified": false,
        "line_number": 62
      }
    ],
    "tests\\test_dashboard_auth.py": [
      {
        "type": "Secret Keyword",
        "filename": "tests\\test_dashboard_auth.py",
        "hashed_secret": "0e5c8f67f1888c95e9df596c674e86fccf51d210",
        "is_verified": false,
        "line_number": 21
      },
      {
        "type": "Secret Keyword",
        "filename": "tests\\test_dashboard_auth.py",
        "hashed_secret": "db8e155c5313f453148fa30b62d069a1014b66bd",
        "is_verified": false,
        "line_number": 29
      },
      {
        "type": "Secret Keyword",
        "filename": "tests\\test_dashboard_auth.py",
        "hashed_secret": "957c024b38ce820878f03177ce3d2b83c26a82d0",
        "is_verified": false,
        "line_number": 82
      }
    ],
    "tests\\test_dashboard_secret_masking.py": [
      {
        "type": "Secret Keyword",
        "filename": "tests\\test_dashboard_secret_masking.py",
        "hashed_secret": "5933c7053226b3dd7e96fcbeb2ea16654cda5862",
        "is_verified": false,
        "line_number": 9
      },
      {
        "type": "Secret Keyword",
        "filename": "tests\\test_dashboard_secret_masking.py",
        "hashed_secret": "eea0d9a29d51f43612c303ff2f64b57f56dad885",
        "is_verified": false,
        "line_number": 11
      },
      {
        "type": "Secret Keyword",
        "filename": "tests\\test_dashboard_secret_masking.py",
        "hashed_secret": "db8e155c5313f453148fa30b62d069a1014b66bd",
        "is_verified": false,
        "line_number": 18
      }
    ],
    "tests\\test_safety.py": [
      {
        "type": "Secret Keyword",
        "filename": "tests\\test_safety.py",
        "hashed_secret": "2989436d0b62a9cf0b1f1ff816db8145d149bc88",
        "is_verified": false,
        "line_number": 37
      }
    ],
    "tests\\test_security_release_gates.py": [
      {
        "type": "Hex High Entropy String",
        "filename": "tests\\test_security_release_gates.py",
        "hashed_secret": "50401a62dd0d6ac6c7bac119f041e4dcc8da74fe",
        "is_verified": false,
        "line_number": 58
      },
      {
        "type": "Hex High Entropy String",
        "filename": "tests\\test_security_release_gates.py",
        "hashed_secret": "9f19e3c33ed119820e0a83bdee6c7a0d9c6a935b",
        "is_verified": false,
        "line_number": 59
      }
    ]
  },
  "generated_at": "2026-06-15T21:44:51Z"
}
